[index-2.html]
[backblue.gif]
[fade.gif]
[index.html]
[indexc0d0.php]
[index7b17.php]
[templates/ja_purity/favicon.ico]
[media/system/js/mootools.js]
[media/system/js/caption.js]
[templates/ja_purity/js/ja.script.js]
[templates/ja_purity/js/ja.rightcol.js]
[templates/ja_purity/js/ja.cssmenu.js]
[templates/ja_purity/images/header/header8.jpg]
[index-3.html]
[templates/ja_purity/images/user-increase.png]
[templates/ja_purity/images/user-reset.png]
[templates/ja_purity/images/user-decrease.png]
[index.php/home/registration]
[index.php/home/contact.html]
[index.php/previous-editions.html]
[index.php/previous-editions/how-to-participate.html]
[index.php/previous-editions/previous-editions.html]
[index.php/previous-editions/promotional-activities.html]
[index.php/program.html]
[index.php/program/sessions.html]
[index.php/program/keynote-speakers.html]
[index.php/program/participants.html]
[index.php/program/publications.html]
[index.php/submisions.html]
[index.php/submisions/guidelines.html]
[index.php/location.html]
[index.php/location/how-to-get-there.html]
[index.php/location/accomodation.html]
[index.php/sponsors.html]
[index.php/geodroid.html]
[index.php/photos/geomundus-2012.html]
[index.php/ifgi-photo-competition.html]
[index.php/component/content/article/1-home/1-geomundus-2012.html]
[index.php/component/content/article/1-home/15-why-participate-in-geomundus-2012.html]
[index.php/component/content/article/1-home/16-who-should-participate-in-geomundus-2012.html]
[js/plusone.js]
[en_US/all.js]
[j/2/widget.js]
[index.php/component/user/reset.html]
[index.php/component/user/remind.html]
[index.php/component/banners/click/1]
[images/banners/EMA-short-e1315703437195.jpg]
[index.php/component/banners/click/2.34.delayed]
[images/banners/ifgilogo.gif]
[index.php/component/banners/click/3.36.delayed]
[images/banners/s-logo-isegi-unl.jpg]
[index.php/component/banners/click/4.38.delayed]
[images/banners/uji-small.jpg]
[index.php/component/banners/click/5]
[images/banners/wwu_logo-e1309703807640.png]
[index.php/component/banners/click/7]
[images/banners/logo_innovatig_170x96.png]
[index.php/component/banners/click/6]
[images/banners/logob1.png]
[modules/mod_vvisit_counter/images/digit_counter/default/0.png]
[modules/mod_vvisit_counter/images/digit_counter/default/1.png]
[modules/mod_vvisit_counter/images/digit_counter/default/3.png]
[modules/mod_vvisit_counter/images/digit_counter/default/2.png]
[modules/mod_vvisit_counter/images/stats/default/vtoday.png]
[modules/mod_vvisit_counter/images/stats/default/vweek.png]
[modules/mod_vvisit_counter/images/stats/default/vall.png]
[images/M_images/livemarks.png]
[templates/ja_purity/images/but-css.gif]
[templates/ja_purity/images/but-xhtml10.gif]
[index-2.html]
[modules/mod_vvisit_counter/css/mod_vvisit_counter.css]
[images/login-bg.gif]
[templates/system/css/system.css]
[templates/system/images/j_button2_left.png]
[templates/system/images/j_button2_right.png]
[templates/system/images/j_button2_image.png]
[templates/system/images/j_button2_readmore.png]
[templates/system/images/j_button2_pagebreak.png]
[templates/system/images/j_button2_blank.png]
[templates/system/images/selector-arrow.png]
[templates/system/images/calendar.png]
[templates/system/css/general.css]
[templates/ja_purity/images/bullet.gif]
[templates/ja_purity/images/hdot2.gif]
[templates/ja_purity/images/grad1.gif]
[templates/ja_purity/images/so-q.gif]
[templates/ja_purity/images/sc-q.gif]
[templates/ja_purity/images/author.gif]
[templates/ja_purity/images/icon-error.gif]
[templates/ja_purity/images/icon-info.gif]
[templates/ja_purity/images/icon-tips.gif]
[templates/ja_purity/images/sticky-bg.gif]
[templates/ja_purity/images/download-bg.gif]
[templates/ja_purity/images/checklist-bg.gif]
[templates/ja_purity/images/icon_list.gif]
[templates/ja_purity/images/star-bg.gif]
[templates/ja_purity/images/ol-bg.gif]
[templates/ja_purity/images/bub1-br.gif]
[templates/ja_purity/images/bub1-bl.gif]
[templates/ja_purity/images/bub1-tr.gif]
[templates/ja_purity/images/bub1-tl.gif]
[templates/ja_purity/images/bub2-br.gif]
[templates/ja_purity/images/bub2-bl.gif]
[templates/ja_purity/images/bub2-tr.gif]
[templates/ja_purity/images/bub2-tl.gif]
[templates/ja_purity/images/bub3-br.gif]
[templates/ja_purity/images/bub3-bl.gif]
[templates/ja_purity/images/bub3-tr.gif]
[templates/ja_purity/images/bub3-tl.gif]
[templates/ja_purity/images/bub4-br.gif]
[templates/ja_purity/images/bub4-bl.gif]
[templates/ja_purity/images/bub4-tr.gif]
[templates/ja_purity/images/bub4-tl.gif]
[templates/ja_purity/images/bullet-list.gif]
[templates/ja_purity/images/hdot.gif]
[templates/ja_purity/images/arrow.png]
[templates/ja_purity/images/icon-user.gif]
[templates/ja_purity/images/icon-date.gif]
[templates/ja_purity/images/cw-bg1.gif]
[templates/ja_purity/images/cw-bg2.gif]
[templates/ja_purity/images/c-bg1.gif]
[templates/ja_purity/images/c-bg2.gif]
[templates/ja_purity/images/cwf-bg.gif]
[templates/ja_purity/images/header-mask.png]
[images/header_png_whitebackground.png]
[templates/ja_purity/images/icon-search.gif]
[templates/ja_purity/images/b-br.gif]
[templates/ja_purity/images/b-bl.gif]
[templates/ja_purity/images/b-tr.gif]
[templates/ja_purity/images/b-tl.gif]
[templates/ja_purity/images/bt-br.gif]
[templates/ja_purity/images/bt-bl.gif]
[templates/ja_purity/images/bt-tr.gif]
[templates/ja_purity/images/bt-tl.gif]
[templates/ja_purity/images/br-br.gif]
[templates/ja_purity/images/br-bl.gif]
[templates/ja_purity/images/br-tr.gif]
[templates/ja_purity/images/br-tl.gif]
[templates/ja_purity/images/bb-br.gif]
[templates/ja_purity/images/bb-bl.gif]
[templates/ja_purity/images/bb-tr.gif]
[templates/ja_purity/images/bb-tl.gif]
[templates/ja_purity/images/bg-br.gif]
[templates/ja_purity/images/bg-bl.gif]
[templates/ja_purity/images/bg-tr.gif]
[templates/ja_purity/images/bg-tl.gif]
[templates/ja_purity/images/bl-br.gif]
[templates/ja_purity/images/bl-bl.gif]
[templates/ja_purity/images/bl-tr.gif]
[templates/ja_purity/images/bl-tl.gif]
[templates/ja_purity/images/vdot2.gif]
[templates/ja_purity/images/bullet2.gif]
[templates/ja_purity/images/grad3.gif]
[templates/ja_purity/images/vdot.gif]
[templates/ja_purity/images/arrow2.png]
[templates/ja_purity/images/arrow3.png]
[templates/ja_purity/css/template.css]
[templates/ja_purity/images/bullet3.gif]
[templates/ja_purity/css/menu.css]
[templates/ja_purity/images/opaque.png]
[templates/ja_purity/css/ja-sosdmenu.css]
[templates/ja_purity/styles/header/blue/images/header-mask.png]
[templates/ja_purity/styles/header/blue/images/icon-search.gif]
[templates/ja_purity/styles/header/blue/images/vdot2.gif]
[templates/ja_purity/styles/header/blue/style.css]
[templates/ja_purity/styles/background/lighter/images/so-q.gif]
[templates/ja_purity/styles/background/lighter/images/sc-q.gif]
[templates/ja_purity/styles/background/lighter/images/sticky-bg.gif]
[templates/ja_purity/styles/background/lighter/images/download-bg.gif]
[templates/ja_purity/styles/background/lighter/images/checklist-bg.gif]
[templates/ja_purity/styles/background/lighter/images/icon_list.gif]
[templates/ja_purity/styles/background/lighter/images/star-bg.gif]
[templates/ja_purity/styles/background/lighter/images/ol-bg.gif]
[templates/ja_purity/styles/background/lighter/images/bub1-br.gif]
[templates/ja_purity/styles/background/lighter/images/bub1-bl.gif]
[templates/ja_purity/styles/background/lighter/images/bub1-tr.gif]
[templates/ja_purity/styles/background/lighter/images/bub1-tl.gif]
[templates/ja_purity/styles/background/lighter/images/bub2-br.gif]
[templates/ja_purity/styles/background/lighter/images/bub2-bl.gif]
[templates/ja_purity/styles/background/lighter/images/bub2-tr.gif]
[templates/ja_purity/styles/background/lighter/images/bub2-tl.gif]
[templates/ja_purity/styles/background/lighter/images/bub3-br.gif]
[templates/ja_purity/styles/background/lighter/images/bub3-bl.gif]
[templates/ja_purity/styles/background/lighter/images/bub3-tr.gif]
[templates/ja_purity/styles/background/lighter/images/bub3-tl.gif]
[templates/ja_purity/styles/background/lighter/images/bub4-br.gif]
[templates/ja_purity/styles/background/lighter/images/bub4-bl.gif]
[templates/ja_purity/styles/background/lighter/images/bub4-tr.gif]
[templates/ja_purity/styles/background/lighter/images/bub4-tl.gif]
[templates/ja_purity/styles/background/lighter/images/cw-bg1.gif]
[templates/ja_purity/styles/background/lighter/images/cw-bg2.gif]
[templates/ja_purity/styles/background/lighter/images/c-bg1.gif]
[templates/ja_purity/styles/background/lighter/images/c-bg2.gif]
[templates/ja_purity/styles/background/lighter/images/cwf-bg.gif]
[templates/ja_purity/styles/background/lighter/images/b-br.gif]
[templates/ja_purity/styles/background/lighter/images/b-bl.gif]
[templates/ja_purity/styles/background/lighter/images/b-tr.gif]
[templates/ja_purity/styles/background/lighter/images/b-tl.gif]
[templates/ja_purity/styles/background/lighter/images/bt-br.gif]
[templates/ja_purity/styles/background/lighter/images/bt-bl.gif]
[templates/ja_purity/styles/background/lighter/images/bt-tr.gif]
[templates/ja_purity/styles/background/lighter/images/bt-tl.gif]
[templates/ja_purity/styles/background/lighter/images/br-br.gif]
[templates/ja_purity/styles/background/lighter/images/br-bl.gif]
[templates/ja_purity/styles/background/lighter/images/br-tr.gif]
[templates/ja_purity/styles/background/lighter/images/br-tl.gif]
[templates/ja_purity/styles/background/lighter/images/bb-br.gif]
[templates/ja_purity/styles/background/lighter/images/bb-bl.gif]
[templates/ja_purity/styles/background/lighter/images/bb-tr.gif]
[templates/ja_purity/styles/background/lighter/images/bb-tl.gif]
[templates/ja_purity/styles/background/lighter/images/bg-br.gif]
[templates/ja_purity/styles/background/lighter/images/bg-bl.gif]
[templates/ja_purity/styles/background/lighter/images/bg-tr.gif]
[templates/ja_purity/styles/background/lighter/images/bg-tl.gif]
[templates/ja_purity/styles/background/lighter/images/bl-br.gif]
[templates/ja_purity/styles/background/lighter/images/bl-bl.gif]
[templates/ja_purity/styles/background/lighter/images/bl-tr.gif]
[templates/ja_purity/styles/background/lighter/images/bl-tl.gif]
[templates/ja_purity/styles/background/lighter/images/arrow.png]
[templates/ja_purity/styles/background/lighter/style.css]
[templates/ja_purity/styles/elements/blue/images/bullet3.gif]
[templates/ja_purity/styles/elements/blue/style.css]
[templates/ja_purity/images/header/header3.jpg]
[index.php/component/banners/click/1.db.delayed]
[index.php/component/banners/click/5]
[index.php/component/banners/click/7]
[index.php/component/banners/click/6]
[index-3.html]
[index.php/home/registration.html]
[media/system/js/validate.js]
[templates/ja_purity/images/header/header6.jpg]
[index.php/home.html]
[images/M_images/con_info.png]
[index.php/component/banners/click/5.ea.delayed]
[index.php/component/banners/click/7]
[index.php/component/banners/click/6]
[index.php/home/contact.html]
[index.php/component/banners/click/7]
[index.php/component/banners/click/6]
[index.php/previous-editions.html]
[templates/ja_purity/images/header/header1.jpg]
[index.php/component/banners/click/7]
[index.php/component/banners/click/6]
[index.php/previous-editions/how-to-participate.html]
[index.php/previous-editions/previous-editions/13-previous-editionsc0d0]
[index.php/previous-editions/previous-editions/13-previous-editions7b17]
[images/M_images/weblink.png]
[index.php/previous-editions/previous-editions/13-previous-editions/1-geomundus-2011]
[index.php/component/banners/click/7]
[index.php/component/banners/click/6]
[index.php/previous-editions/previous-editions.html]
[index.php/previous-editions/promotional-activitiesc0d0]
[index.php/previous-editions/promotional-activities7b17]
[index.php/previous-editions/promotional-activities/13-promotional-activities-comming-soon.html]
[index.php/photos/lisbon.html]
[index.php/photos/geomundus-2010.html]
[index.php/photos/geomundus-2009.html]
[index.php/videos.html]
[index.php/component/banners/click/7]
[index.php/component/banners/click/6]
[index.php/previous-editions/promotional-activities.html]
[index.php/programc0d0]
[index.php/program7b17]
[index.php/program/23-program.html]
[index.php/program/keynote-speakers/17-professor-mike-jackson.html]
[index.php/program/keynote-speakers/7-keynote-speaker-3.html]
[index.php/component/banners/click/7]
[index.php/component/banners/click/6]
[index.php/program.html]
[index.php/program/sessionsc0d0]
[index.php/program/sessions7b17]
[templates/ja_purity/images/header/header5.jpg]
[index.php/component/banners/click/7.129.delayed]
[index.php/component/banners/click/6]
[index.php/program/sessions.html]
[index.php/program/keynote-speakersc0d0]
[index.php/program/keynote-speakers7b17]
[media/kunena/attachments/70/mikeJackson.jpg]
[index.php/program/keynote-speakers/6-keynote-speaker-2.html]
[media/kunena/attachments/70/MartinRaubal.jpg]
[index.php/program/keynote-speakers/27-michae-gould.html]
[media/kunena/attachments/70/MichaelGould.jpg]
[index.php/component/banners/click/6]
[index.php/program/keynote-speakers.html]
[index.php/program/participantsc0d0]
[index.php/program/participants7b17]
[templates/ja_purity/images/header/header4.jpg]
[index.php/component/banners/click/6]
[index.php/program/participants.html]
[templates/ja_purity/images/header/header2.jpg]
[index.php/component/banners/click/6.14a.delayed]
[index.php/program/publications.html]
[index.php/submisionsc0d0]
[index.php/submisions7b17]
[index.php/submisions/14-call-for-posters-and-maps.html]
[index.php/submisions/4-call-for-papers.html]
[index.php/submisions.html]
[index.php/submisions/guidelinesc0d0]
[index.php/submisions/guidelines7b17]
[index.php/submisions/guidelines/32-suggested-topics.html]
[index.php/submisions/guidelines/20-guidelines-for-paper-submission.html]
[media/GEOMUNDUS2012_PAPER_TEMPLATE.doc]
[index.php/submisions/guidelines/21-guidelines-for-posters-submission.html]
[index.php/submisions/guidelines/22-guidelines-for-maps-submission.html]
[index.php/submisions/guidelines.html]
[index.php/locationc0d0]
[index.php/location7b17]
[media/plugin_googlemap2/site/googleearthv3/googleearth.js]
[media/plugin_googlemap2/site/googlemaps/googlemapsv3.js]
[templates/ja_purity/images/header/header7.jpg]
[images/logob1.png]
[plugins/system/plugin_googlemap2_proxyd41d.html]
[index.php/location.html]
[index.php/location/how-to-get-therec0d0]
[index.php/location/how-to-get-there7b17]
[index.php/location/how-to-get-there.html]
[index.php/location/accomodationc0d0]
[index.php/location/accomodation7b17]
[index.php/location/accomodation.html]
[index.php/sponsors/16-sponsorsc0d0]
[index.php/sponsors/16-sponsors7b17]
[index.php/sponsors/16-sponsors/4-european-commissions-erasmus-mundus-programme]
[index.php/sponsors/16-sponsors/7-ema]
[index.php/sponsors/16-sponsors/13-master-geotech]
[index.php/sponsors/16-sponsors/6-universitat-jaume-i]
[index.php/sponsors/16-sponsors/8-init]
[index.php/sponsors/16-sponsors/14-westfaelische-wilhelms-universitaet]
[index.php/sponsors/16-sponsors/5-ifgi]
[index.php/sponsors/16-sponsors/9-isegi]
[index.php/sponsors/16-sponsors/16-geomundus-page-in-ema]
[index.php/sponsors/16-sponsors/17-innovatig]
[index.php/sponsors.html]
[index.php/geodroid.html]
[components/com_oziogallery2/assets/js/15/swfobject.js]
[index.php/photos/geomundus-2012.html]
[index.php/ifgi-photo-competition.html]
[index.php/component/content/article/1-home/1-geomundus-2012.html]
[index.php/component/content/article/1-home/15-why-participate-in-geomundus-2012.html]
[index.php/component/content/article/1-home/16-who-should-participate-in-geomundus-2012.html]
[en_US/all.js]
[index.php/component/user/reset.html]
[index.php/component/user/remind.html]
[templates/system/images/j_button2_right.html]
[ABCDEFGHIJKLMNOPQRSTUVWXYZabcdefghijklmnopqrstuvwxyz0123456789_/index.html]
[index.php/homec0d0]
[index.php/home7b17]
[index.php/home/1-home/1-geomundus-2012.html]
[index.php/home/1-home/15-why-participate-in-geomundus-2012.html]
[index.php/home/1-home/16-who-should-participate-in-geomundus-2012.html]
[index.php/home.html]
[index.php/previous-editions/promotional-activities/13-promotional-activities-comming-soon.html]
[index.php/photos/lisbonc0d0]
[index.php/photos/lisbon7b17]
[index.php/photos/lisbon/lisbon220a.html]
[index.php/photos/lisbon/lisbon/lisboa21-50.html]
[images/joomgallery/thumbnails/lisbon_1/lisboa_21_20120803_1811116962.jpg]
[index.php/photos/lisbon/lisbon/lisboa20-49.html]
[images/joomgallery/thumbnails/lisbon_1/lisboa_20_20120803_1477463898.jpg]
[index.php/photos/lisbon/lisbon/lisboa19-48.html]
[images/joomgallery/thumbnails/lisbon_1/lisboa_19_20120803_1335276756.jpg]
[index.php/photos/lisbon/lisbon/lisboa18-47.html]
[images/joomgallery/thumbnails/lisbon_1/lisboa_18_20120803_1893099221.jpg]
[index.php/photos/lisbon/lisbon/lisboa17-46.html]
[images/joomgallery/thumbnails/lisbon_1/lisboa_17_20120803_1192391455.jpg]
[index.php/photos/lisbon/lisbon/lisboa16-45.html]
[images/joomgallery/thumbnails/lisbon_1/lisboa_16_20120803_1336647918.jpg]
[index.php/photos/lisbon/lisbon/lisboa15-44.html]
[images/joomgallery/thumbnails/lisbon_1/lisboa_15_20120803_1004061039.jpg]
[index.php/photos/lisbon/lisbon/lisboa14-43.html]
[images/joomgallery/thumbnails/lisbon_1/lisboa_14_20120803_2032562058.jpg]
[index.php/photos/lisbon/lisbon/lisboa13-42.html]
[images/joomgallery/thumbnails/lisbon_1/lisboa_13_20120803_1760322043.jpg]
[index.php/photos/lisbon/lisbon/lisboa12-41.html]
[images/joomgallery/thumbnails/lisbon_1/lisboa_12_20120803_1976952043.jpg]
[index.php/photos/lisbon/lisbon/lisboa11-40.html]
[images/joomgallery/thumbnails/lisbon_1/lisboa_11_20120803_1723890693.jpg]
[index.php/photos/lisbon/lisbon/lisboa10-39.html]
[images/joomgallery/thumbnails/lisbon_1/lisboa_10_20120803_1164856306.jpg]
[index.php/photos/lisbon/lisbon/lisboa9-38.html]
[images/joomgallery/thumbnails/lisbon_1/lisboa_9_20120803_1748226607.jpg]
[index.php/photos/lisbon/lisbon/lisboa8-37.html]
[images/joomgallery/thumbnails/lisbon_1/lisboa_8_20120803_1732869461.jpg]
[index.php/photos/lisbon/lisbon/lisboa7-36.html]
[images/joomgallery/thumbnails/lisbon_1/lisboa_7_20120803_1536306973.jpg]
[index.php/photos/lisbon.html]
[index.php/photos/geomundus-2010.html]
[index.php/photos/geomundus-2009.html]
[index.php/videosc0d0]
[index.php/videos7b17]
[index.php/videos.html]
[index.php/program/23-program.html]
[index.php/program/keynote-speakers/17-professor-mike-jackson.html]
[index.php/program/keynote-speakers/7-keynote-speaker-3.html]
[index.php/program/keynote-speakers/6-keynote-speaker-2.html]
[index.php/program/keynote-speakers/27-michae-gould.html]
[index.php/submisions/14-call-for-posters-and-maps.html]
[index.php/submisions/4-call-for-papers.html]
[index.php/submisions/guidelines/32-suggested-topics.html]
[index.php/submisions/guidelines/20-guidelines-for-paper-submission.html]
[index.php/submisions/guidelines/21-guidelines-for-posters-submission.html]
[index.php/submisions/guidelines/22-guidelines-for-maps-submission.html]
[plugins/system/plugin_googlemap2_proxyd41d.html]
[ABCDEFGHIJKLMNOPQRSTUVWXYZabcdefghijklmnopqrstuvwxyz0123456789_/index.html]
[index.php/home/1-home/1-geomundus-2012.html]
[index.php/home/1-home/15-why-participate-in-geomundus-2012.html]
[index.php/home/1-home/16-who-should-participate-in-geomundus-2012.html]
[components/com_joomgallery/assets/css/joom_settings.css]
[media/system/images/spinner.gif]
[components/com_joomgallery/assets/images/search_icon.gif]
[components/com_joomgallery/assets/images/arrow_down.png]
[components/com_joomgallery/assets/images/arrow_up.png]
[components/com_joomgallery/assets/css/joomgallery.css]
[index.php/photos/lisbon/lisbon21d1]
[index.php/photos/lisbon/lisbonec39]
[index.php/photos/lisbon/lisbon83a3.html]
[index.php/photos/lisbon/lisbon/lisboa6-35.html]
[images/joomgallery/thumbnails/lisbon_1/lisboa_6_20120803_1751595109.jpg]
[index.php/photos/lisbon/lisbon/lisboa5-34.html]
[images/joomgallery/thumbnails/lisbon_1/lisboa_5_20120803_1142515705.jpg]
[index.php/photos/lisbon/lisbon/lisboa4-33.html]
[images/joomgallery/thumbnails/lisbon_1/lisboa_4_20120803_1291265538.jpg]
[index.php/photos/lisbon/lisbon/lisboa3-32.html]
[images/joomgallery/thumbnails/lisbon_1/lisboa_3_20120803_1694896253.jpg]
[index.php/photos/lisbon/lisbon/lisboa2-31.html]
[images/joomgallery/thumbnails/lisbon_1/lisboa_2_20120803_1476773195.jpg]
[index.php/photos/lisbon/lisbon/lisboa1-30.html]
[images/joomgallery/thumbnails/lisbon_1/lisboa_1_20120803_1199500642.jpg]
[index.php/photos/lisbon/lisbon220a.html]
[components/com_joomgallery/assets/js/slimbox/js/slimbox.js]
[components/com_joomgallery/assets/js/motiongallery.js]
[components/com_joomgallery/assets/js/detail.js]
[index.php/photos/lisbon/imagec00b.jpg]
[index.php/photos/lisbon/image5e58.jpg]
[components/com_joomgallery/assets/images/control_play.png]
[components/com_joomgallery/assets/images/control_stop_gr.png]
[components/com_joomgallery/assets/images/zoom.png]
[components/com_joomgallery/assets/images/download_gr.png]
[components/com_joomgallery/assets/images/arrow_right.png]
[index.php/photos/lisbon/image494d.jpg]
[index.php/photos/lisbon/imagefc0b.jpg]
[index.php/photos/lisbon/image9067.jpg]
[index.php/photos/lisbon/image4f2f.jpg]
[index.php/photos/lisbon/image8786.jpg]
[index.php/photos/lisbon/image3c3e.jpg]
[index.php/photos/lisbon/image4765.jpg]
[index.php/photos/lisbon/image52ca.jpg]
[index.php/photos/lisbon/imaged5c1.jpg]
[index.php/photos/lisbon/imaged205.jpg]
[index.php/photos/lisbon/image0644.jpg]
[index.php/photos/lisbon/image3553.jpg]
[index.php/photos/lisbon/image787e.jpg]
[index.php/photos/lisbon/image8bf4.jpg]
[index.php/photos/lisbon/image4296.jpg]
[index.php/photos/lisbon/image3a8b.jpg]
[index.php/photos/lisbon/imagedfc8.jpg]
[index.php/photos/lisbon/image4ecc.jpg]
[index.php/photos/lisbon/image991c.jpg]
[index.php/photos/lisbon/imagef6cb.jpg]
[index.php/photos/lisbon/lisbon/lisboa21-50.html]
[index.php/photos/lisbon/image5507.jpg]
[components/com_joomgallery/assets/images/arrow_left.png]
[index.php/photos/lisbon/lisbon/lisboa20-49.html]
[index.php/photos/lisbon/imageb15d.jpg]
[index.php/photos/lisbon/lisbon/lisboa19-48.html]
[index.php/photos/lisbon/image6677.jpg]
[index.php/photos/lisbon/lisbon/lisboa18-47.html]
[index.php/photos/lisbon/image4b13.jpg]
[index.php/photos/lisbon/lisbon/lisboa17-46.html]
[index.php/photos/lisbon/image908c.jpg]
[index.php/photos/lisbon/lisbon/lisboa16-45.html]
[index.php/photos/lisbon/image7693.jpg]
[index.php/photos/lisbon/lisbon/lisboa15-44.html]
[index.php/photos/lisbon/imagecc51.jpg]
[index.php/photos/lisbon/lisbon/lisboa14-43.html]
[index.php/photos/lisbon/image6d25.jpg]
[index.php/photos/lisbon/lisbon/lisboa13-42.html]
[index.php/photos/lisbon/image0a38.jpg]
[index.php/photos/lisbon/lisbon/lisboa12-41.html]
[index.php/photos/lisbon/imagea370.jpg]
[index.php/photos/lisbon/lisbon/lisboa11-40.html]
[index.php/photos/lisbon/image457c.jpg]
[index.php/photos/lisbon/lisbon/lisboa10-39.html]
[index.php/photos/lisbon/image6b1f.jpg]
[index.php/photos/lisbon/lisbon/lisboa9-38.html]
[index.php/photos/lisbon/image7e86.jpg]
[index.php/photos/lisbon/lisbon/lisboa8-37.html]
[index.php/photos/lisbon/image64da.jpg]
[index.php/photos/lisbon/lisbon/lisboa7-36.html]
[files/u_24890.js]
[index.php/photos/lisbon/lisbon1ad6]
[index.php/photos/lisbon/lisbon3ba7]
[index.php/photos/lisbon/lisbon83a3.html]
[index.php/photos/lisbon/image8c53.jpg]
[index.php/photos/lisbon/lisbon/lisboa6-35.html]
[index.php/photos/lisbon/imageb6bf.jpg]
[index.php/photos/lisbon/lisbon/lisboa5-34.html]
[index.php/photos/lisbon/image5c72.jpg]
[index.php/photos/lisbon/lisbon/lisboa4-33.html]
[index.php/photos/lisbon/image7b25.jpg]
[index.php/photos/lisbon/lisbon/lisboa3-32.html]
[index.php/photos/lisbon/image8a06.jpg]
[index.php/photos/lisbon/lisbon/lisboa2-31.html]
[index.php/photos/lisbon/imagef80c.jpg]
[index.php/photos/lisbon/lisbon/lisboa1-30.html]
[components/com_joomgallery/assets/js/slimbox/images/loading.gif]
[components/com_joomgallery/assets/js/slimbox/images/transparent.gif]
[components/com_joomgallery/assets/js/slimbox/images/prevlabel.gif]
[components/com_joomgallery/assets/js/slimbox/images/nextlabel.gif]
[components/com_joomgallery/assets/js/slimbox/images/closelabel.gif]
[components/com_joomgallery/assets/js/slimbox/css/slimbox.css]
